// Jest Snapshot v1, https://goo.gl/fbAQLP

exports[`Login screen should match the snapshot 1`] = `
<form>
  <div
    class="MuiGrid-root MuiGrid-container MuiGrid-spacing-xs-2 MuiGrid-direction-xs-column MuiGrid-align-content-xs-center"
  >
    <div
      class="MuiGrid-root MuiGrid-container MuiGrid-item MuiGrid-grid-xs-8"
    >
      <div
        class="MuiFormControl-root MuiTextField-root MuiFormControl-fullWidth"
        role="textbox"
      >
        <label
          class="MuiFormLabel-root MuiInputLabel-root MuiInputLabel-formControl MuiInputLabel-animated MuiInputLabel-outlined"
          data-shrink="false"
          for="email"
          id="email-label"
        >
          E-mail
        </label>
        <div
          class="MuiInputBase-root MuiOutlinedInput-root MuiInputBase-fullWidth MuiInputBase-formControl"
        >
          <input
            aria-invalid="false"
            class="MuiInputBase-input MuiOutlinedInput-input"
            id="email"
            name="email"
            type="email"
            value=""
          />
          <fieldset
            aria-hidden="true"
            class="PrivateNotchedOutline-root-1 MuiOutlinedInput-notchedOutline"
          >
            <legend
              class="PrivateNotchedOutline-legendLabelled-3"
            >
              <span>
                E-mail
              </span>
            </legend>
          </fieldset>
        </div>
        
      </div>
    </div>
    <div
      class="MuiGrid-root MuiGrid-container MuiGrid-item MuiGrid-grid-xs-8"
    >
      <div
        class="MuiFormControl-root MuiTextField-root MuiFormControl-fullWidth"
        role="textbox"
      >
        <label
          class="MuiFormLabel-root MuiInputLabel-root MuiInputLabel-formControl MuiInputLabel-animated MuiInputLabel-outlined"
          data-shrink="false"
          for="password"
          id="password-label"
        >
          Senha
        </label>
        <div
          class="MuiInputBase-root MuiOutlinedInput-root MuiInputBase-fullWidth MuiInputBase-formControl"
        >
          <input
            aria-invalid="false"
            class="MuiInputBase-input MuiOutlinedInput-input"
            id="password"
            name="password"
            type="password"
            value=""
          />
          <fieldset
            aria-hidden="true"
            class="PrivateNotchedOutline-root-1 MuiOutlinedInput-notchedOutline"
          >
            <legend
              class="PrivateNotchedOutline-legendLabelled-3"
            >
              <span>
                Senha
              </span>
            </legend>
          </fieldset>
        </div>
        
      </div>
    </div>
    <div
      class="MuiGrid-root MuiGrid-container MuiGrid-item MuiGrid-justify-xs-space-between MuiGrid-grid-xs-8"
    >
      <div
        class="MuiGrid-root makeStyles-buttonContainer-5 MuiGrid-item"
      >
        <a
          aria-disabled="false"
          class="MuiButtonBase-root MuiButton-root MuiButton-contained makeStyles-button-6 MuiButton-fullWidth"
          href="/"
          role="link"
          tabindex="0"
        >
          <span
            class="MuiButton-label"
          >
            Voltar
          </span>
          <span
            class="MuiTouchRipple-root"
          />
        </a>
      </div>
      <div
        class="MuiGrid-root makeStyles-buttonContainer-5 MuiGrid-item"
      >
        <button
          class="MuiButtonBase-root MuiButton-root MuiButton-contained makeStyles-button-6 MuiButton-containedPrimary Mui-disabled MuiButton-fullWidth Mui-disabled"
          disabled=""
          role="button"
          tabindex="-1"
          type="submit"
        >
          <span
            class="MuiButton-label"
          >
            Logar
          </span>
        </button>
      </div>
    </div>
  </div>
</form>
`;
