// Jest Snapshot v1, https://goo.gl/fbAQLP

exports[`Login screen should match the snapshot 1`] = `
<form>
  <div
    class="MuiGrid-root MuiGrid-container MuiGrid-spacing-xs-2 MuiGrid-direction-xs-column MuiGrid-align-content-xs-center"
  >
    <div
      class="MuiGrid-root MuiGrid-container MuiGrid-item MuiGrid-grid-xs-6"
    >
      <div
        class="MuiFormControl-root MuiTextField-root MuiFormControl-fullWidth"
        role="textbox"
      >
        <label
          class="MuiFormLabel-root MuiInputLabel-root MuiInputLabel-formControl MuiInputLabel-animated MuiInputLabel-outlined"
          data-shrink="false"
          for="username"
          id="username-label"
        >
          Usuário
        </label>
        <div
          class="MuiInputBase-root MuiOutlinedInput-root MuiInputBase-fullWidth MuiInputBase-formControl"
        >
          <input
            aria-invalid="false"
            class="MuiInputBase-input MuiOutlinedInput-input"
            id="username"
            name="username"
            type="text"
            value=""
          />
          <fieldset
            aria-hidden="true"
            class="PrivateNotchedOutline-root-2 MuiOutlinedInput-notchedOutline"
          >
            <legend
              class="PrivateNotchedOutline-legendLabelled-4"
            >
              <span>
                Usuário
              </span>
            </legend>
          </fieldset>
        </div>
        
      </div>
    </div>
    <div
      class="MuiGrid-root MuiGrid-container MuiGrid-item MuiGrid-grid-xs-6"
    >
      <div
        class="MuiFormControl-root MuiTextField-root MuiFormControl-fullWidth"
        role="textbox"
      >
        <label
          class="MuiFormLabel-root MuiInputLabel-root MuiInputLabel-formControl MuiInputLabel-animated MuiInputLabel-outlined"
          data-shrink="false"
          for="password"
          id="password-label"
        >
          Senha
        </label>
        <div
          class="MuiInputBase-root MuiOutlinedInput-root MuiInputBase-fullWidth MuiInputBase-formControl"
        >
          <input
            aria-invalid="false"
            class="MuiInputBase-input MuiOutlinedInput-input"
            id="password"
            name="password"
            type="password"
            value=""
          />
          <fieldset
            aria-hidden="true"
            class="PrivateNotchedOutline-root-2 MuiOutlinedInput-notchedOutline"
          >
            <legend
              class="PrivateNotchedOutline-legendLabelled-4"
            >
              <span>
                Senha
              </span>
            </legend>
          </fieldset>
        </div>
        
      </div>
    </div>
    <div
      class="MuiGrid-root MuiGrid-item MuiGrid-grid-xs-6"
    >
      <button
        class="MuiButtonBase-root MuiButton-root MuiButton-contained makeStyles-sumbitButton-1 MuiButton-containedPrimary Mui-disabled MuiButton-fullWidth Mui-disabled"
        disabled=""
        tabindex="-1"
        type="submit"
      >
        <span
          class="MuiButton-label"
        >
          Logar
        </span>
      </button>
    </div>
  </div>
</form>
`;
